vite v8.2.2 building client environment for production...
transforming...
✓ 3726 modules transformed.
rendering chunks...
computing gzip size...
dist/index.html                                  1.29 kB │ gzip:   0.55 kB
dist/assets/index-C2BNrcDQ.css                 462.00 kB │ gzip:  47.28 kB
dist/assets/rolldown-runtime-hePW80VL.js         0.71 kB │ gzip:   0.42 kB
dist/assets/LanguageSettings-Di2M4qQA.js         1.39 kB │ gzip:   0.66 kB
dist/assets/AppSettingsPanel-BJpPPI9e.js         1.52 kB │ gzip:   0.96 kB
dist/assets/SearchSettings-CNRrTVvV.js           3.68 kB │ gzip:   1.82 kB
dist/assets/StorageSettings-CVvHeyOi.js          4.44 kB │ gzip:   1.51 kB
dist/assets/SkillSettings-CAUP15tS.js            4.56 kB │ gzip:   1.67 kB
dist/assets/OfflineSyncDialog-CEyTa2zb.js        4.77 kB │ gzip:   1.94 kB
dist/assets/SearchPanel-BQjksioG.js              4.91 kB │ gzip:   1.93 kB
dist/assets/NovelDataBrowser-znCBMUI2.js         7.54 kB │ gzip:   2.44 kB
dist/assets/LanRemoteSettings-DmdkfsOs.js        9.31 kB │ gzip:   2.97 kB
dist/assets/ImportMergePanel-Ce1QjKfp.js        13.62 kB │ gzip:   3.96 kB
dist/assets/vendor-diff-BflPwFzc.js             19.01 kB │ gzip:   6.31 kB
dist/assets/ProviderSettingsPanel-DsJx17Sz.js   24.55 kB │ gzip:   6.71 kB
dist/assets/ImportNovelPanel-B7wqzerZ.js        35.16 kB │ gzip:   9.23 kB
dist/assets/DataTabContent-BrmneFdS.js          50.99 kB │ gzip:  12.88 kB
dist/assets/vendor-misc-B1N98Jfk.js             91.74 kB │ gzip:  30.78 kB
dist/assets/index-DpzI2M7p.js                  118.62 kB │ gzip:  38.53 kB
dist/assets/vendor-markdown-Og84yWAm.js        161.49 kB │ gzip:  48.51 kB
dist/assets/vendor-react-fzbZ7eTb.js           179.43 kB │ gzip:  56.81 kB
dist/assets/vendor-editor-CINcjdpy.js          537.28 kB │ gzip: 185.62 kB

✓ built in 908ms
