vite v8.2.2 building client environment for production...
transforming...
✓ 3728 modules transformed.
rendering chunks...
computing gzip size...
dist/index.html                                  1.29 kB │ gzip:   0.55 kB
dist/assets/index-Bsq9qRay.css                 461.83 kB │ gzip:  47.25 kB
dist/assets/rolldown-runtime-hePW80VL.js         0.71 kB │ gzip:   0.42 kB
dist/assets/LanguageSettings-Dm_e_p5n.js         1.39 kB │ gzip:   0.66 kB
dist/assets/AppSettingsPanel-Dwu3cUJm.js         1.52 kB │ gzip:   0.96 kB
dist/assets/SearchSettings-BGiR-_7D.js           3.68 kB │ gzip:   1.82 kB
dist/assets/StorageSettings-C7I9QRKb.js          4.44 kB │ gzip:   1.50 kB
dist/assets/SkillSettings-BrwZSGud.js            4.56 kB │ gzip:   1.67 kB
dist/assets/OfflineSyncDialog-Bc9yIPbx.js        4.77 kB │ gzip:   1.93 kB
dist/assets/SearchPanel-BhSK3y_t.js              4.91 kB │ gzip:   1.93 kB
dist/assets/NovelDataBrowser-D3LrCKHj.js         7.49 kB │ gzip:   2.41 kB
dist/assets/LanRemoteSettings-DrhO_-jq.js        9.31 kB │ gzip:   2.97 kB
dist/assets/ImportMergePanel-BgaXCSje.js        13.62 kB │ gzip:   3.96 kB
dist/assets/vendor-diff-BflPwFzc.js             19.01 kB │ gzip:   6.31 kB
dist/assets/ProviderSettingsPanel-BGEDjZLg.js   26.31 kB │ gzip:   8.23 kB
dist/assets/ImportNovelPanel-D-SRvTzo.js        35.16 kB │ gzip:   9.22 kB
dist/assets/DataTabContent-Cjg2kKGK.js          51.24 kB │ gzip:  13.04 kB
dist/assets/vendor-misc-B2dMrqYV.js             91.01 kB │ gzip:  30.47 kB
dist/assets/index-CdzDx2VW.js                  130.49 kB │ gzip:  42.57 kB
dist/assets/vendor-markdown-Og84yWAm.js        161.49 kB │ gzip:  48.51 kB
dist/assets/vendor-react-BH0rCosz.js           179.43 kB │ gzip:  56.81 kB
dist/assets/vendor-editor-CINcjdpy.js          537.28 kB │ gzip: 185.62 kB

✓ built in 972ms
